p:\source\repos\2dgame\snakegame\snakegame\x64\debug\vc143.pdb
p:\source\repos\2dgame\snakegame\snakegame\x64\debug\vc143.idb
p:\source\repos\2dgame\snakegame\snakegame\x64\debug\multithreadmanager.obj
p:\source\repos\2dgame\snakegame\snakegame\x64\debug\amap.obj
p:\source\repos\2dgame\snakegame\snakegame\x64\debug\main.obj
p:\source\repos\2dgame\snakegame\snakegame\x64\debug\inputhandlemanager.obj
p:\source\repos\2dgame\snakegame\snakegame\x64\debug\gamestartscene.obj
p:\source\repos\2dgame\snakegame\snakegame\x64\debug\gameserver.obj
p:\source\repos\2dgame\snakegame\snakegame\x64\debug\gamescene.obj
p:\source\repos\2dgame\snakegame\snakegame\x64\debug\gameinstance.obj
p:\source\repos\2dgame\snakegame\snakegame\x64\debug\framework.obj
p:\source\repos\2dgame\snakegame\snakegame\x64\debug\filereader.obj
p:\source\repos\2dgame\snakegame\snakegame\x64\debug\debugmessagemanager.obj
p:\source\repos\2dgame\snakegame\snakegame\x64\debug\atexture.obj
p:\source\repos\2dgame\snakegame\snakegame\x64\debug\asnaketitlestate.obj
p:\source\repos\2dgame\snakegame\snakegame\x64\debug\asnake.obj
p:\source\repos\2dgame\snakegame\snakegame\x64\debug\aopponent.obj
p:\source\repos\2dgame\snakegame\snakegame\x64\debug\ablock.obj
p:\source\repos\2dgame\snakegame\snakegame\x64\debug\actormanager.obj
p:\source\repos\2dgame\snakegame\snakegame\x64\debug\actor.obj
p:\source\repos\2dgame\snakegame\snakegame\x64\debug\aapplespawner.obj
p:\source\repos\2dgame\snakegame\snakegame\x64\debug\windowmanager.obj
p:\source\repos\2dgame\snakegame\snakegame\x64\debug\udpmanager.obj
p:\source\repos\2dgame\snakegame\snakegame\x64\debug\atext.obj
p:\source\repos\2dgame\snakegame\snakegame\x64\debug\rendermanager.obj
p:\source\repos\2dgame\snakegame\snakegame\x64\debug\textmanager.obj
p:\source\repos\2dgame\snakegame\snakegame\x64\debug\tcpmanager.obj
p:\source\repos\2dgame\snakegame\snakegame\x64\debug\spritemanager.obj
p:\source\repos\2dgame\snakegame\snakegame\x64\debug\soundmanager.obj
p:\source\repos\2dgame\snakegame\snakegame\x64\debug\scene.obj
p:\source\repos\2dgame\snakegame\snakegame\x64\debug\owindow.obj
p:\source\repos\2dgame\snakegame\snakegame\x64\debug\aserver.obj
p:\source\repos\2dgame\snakegame\snakegame\x64\debug\aclient.obj
p:\source\repos\2dgame\snakegame\snakegame\x64\debug\asnakegamestate.obj
p:\source\repos\2dgame\snakegame\snakegame\x64\debug\objectmanager.obj
p:\source\repos\2dgame\snakegame\snakegame\x64\debug\object.obj
p:\source\repos\2dgame\snakegame\snakegame\x64\debug\networkmanager.obj
p:\source\repos\2dgame\snakegame\x64\debug\snakegame.exe
p:\source\repos\2dgame\snakegame\x64\debug\snakegame.pdb
p:\source\repos\2dgame\snakegame\snakegame\x64\debug\snakegame.ilk
p:\source\repos\2dgame\snakegame\snakegame\x64\debug\amultithreadserver.obj
p:\source\repos\2dgame\snakegame\snakegame\x64\debug\asnakematching.obj
p:\source\repos\2dgame\snakegame\snakegame\x64\debug\asnakeserver.obj
p:\source\repos\2dgame\snakegame\snakegame\x64\debug\snakegame.tlog\cl.command.1.tlog
p:\source\repos\2dgame\snakegame\snakegame\x64\debug\snakegame.tlog\cl.items.tlog
p:\source\repos\2dgame\snakegame\snakegame\x64\debug\snakegame.tlog\cl.read.1.tlog
p:\source\repos\2dgame\snakegame\snakegame\x64\debug\snakegame.tlog\cl.write.1.tlog
p:\source\repos\2dgame\snakegame\snakegame\x64\debug\snakegame.tlog\link.command.1.tlog
p:\source\repos\2dgame\snakegame\snakegame\x64\debug\snakegame.tlog\link.read.1.tlog
p:\source\repos\2dgame\snakegame\snakegame\x64\debug\snakegame.tlog\link.secondary.1.tlog
p:\source\repos\2dgame\snakegame\snakegame\x64\debug\snakegame.tlog\link.write.1.tlog
